// Jest Snapshot v1, https://goo.gl/fbAQLP

exports[`Header Header snapshot 1`] = `
{
  "asFragment": [Function],
  "baseElement": <body>
    <div>
      <div
        class="appHeader"
      >
        <div
          class="appHeader__blur"
        />
        <div
          class="topBar"
        >
          <span
            class="logo"
          >
            <span>
              netflix
            </span>
            roulette
          </span>
          <span
            class="topBar__button"
          >
            <a
              class="topBar__link"
              href="/movies/new"
            >
              + ADD MOVIE
            </a>
          </span>
        </div>
        <p
          class="appHeader__title"
        >
          FIND YOUR MOVIE
        </p>
        <div
          class="searchBar"
        >
          <form
            action="#"
            autocomplete="off"
            class="searchBar__form"
          >
            <input
              name="query"
              placeholder="What do you want to watch"
              type="text"
              value=""
            />
            <button
              class="button"
              type="submit"
            >
              Search
            </button>
          </form>
        </div>
      </div>
    </div>
  </body>,
  "container": <div>
    <div
      class="appHeader"
    >
      <div
        class="appHeader__blur"
      />
      <div
        class="topBar"
      >
        <span
          class="logo"
        >
          <span>
            netflix
          </span>
          roulette
        </span>
        <span
          class="topBar__button"
        >
          <a
            class="topBar__link"
            href="/movies/new"
          >
            + ADD MOVIE
          </a>
        </span>
      </div>
      <p
        class="appHeader__title"
      >
        FIND YOUR MOVIE
      </p>
      <div
        class="searchBar"
      >
        <form
          action="#"
          autocomplete="off"
          class="searchBar__form"
        >
          <input
            name="query"
            placeholder="What do you want to watch"
            type="text"
            value=""
          />
          <button
            class="button"
            type="submit"
          >
            Search
          </button>
        </form>
      </div>
    </div>
  </div>,
  "debug": [Function],
  "findAllByAltText": [Function],
  "findAllByDisplayValue": [Function],
  "findAllByLabelText": [Function],
  "findAllByPlaceholderText": [Function],
  "findAllByRole": [Function],
  "findAllByTestId": [Function],
  "findAllByText": [Function],
  "findAllByTitle": [Function],
  "findByAltText": [Function],
  "findByDisplayValue": [Function],
  "findByLabelText": [Function],
  "findByPlaceholderText": [Function],
  "findByRole": [Function],
  "findByTestId": [Function],
  "findByText": [Function],
  "findByTitle": [Function],
  "getAllByAltText": [Function],
  "getAllByDisplayValue": [Function],
  "getAllByLabelText": [Function],
  "getAllByPlaceholderText": [Function],
  "getAllByRole": [Function],
  "getAllByTestId": [Function],
  "getAllByText": [Function],
  "getAllByTitle": [Function],
  "getByAltText": [Function],
  "getByDisplayValue": [Function],
  "getByLabelText": [Function],
  "getByPlaceholderText": [Function],
  "getByRole": [Function],
  "getByTestId": [Function],
  "getByText": [Function],
  "getByTitle": [Function],
  "queryAllByAltText": [Function],
  "queryAllByDisplayValue": [Function],
  "queryAllByLabelText": [Function],
  "queryAllByPlaceholderText": [Function],
  "queryAllByRole": [Function],
  "queryAllByTestId": [Function],
  "queryAllByText": [Function],
  "queryAllByTitle": [Function],
  "queryByAltText": [Function],
  "queryByDisplayValue": [Function],
  "queryByLabelText": [Function],
  "queryByPlaceholderText": [Function],
  "queryByRole": [Function],
  "queryByTestId": [Function],
  "queryByText": [Function],
  "queryByTitle": [Function],
  "rerender": [Function],
  "unmount": [Function],
}
`;
